remote: error: GH013: Repository rule violations found for refs/heads/main.        
remote: 
remote: - GITHUB PUSH PROTECTION        
remote:   —————————————————————————————————————————        
remote:     Resolve the following violations before pushing again        
remote: 
remote:     - Push cannot contain secrets        
remote: 
remote:             
remote:      (?) Learn how to resolve a blocked push        
remote:      https://docs.github.com/code-security/secret-scanning/working-with-secret-scanning-and-push-protection/working-with-push-protection-from-the-command-line#resolving-a-blocked-push        
remote:             
remote:             
remote:       —— Stripe Test API Secret Key ————————————————————————        
remote:        locations:        
remote:          - commit: 5134d336f97a06fe81d9676f8b62ed7c85aeb51d        
remote:            path: tomato-code/services/utils/.env.example:5        
remote:             
remote:        (?) To push, remove secret from commit(s) or follow this URL to allow the secret.        
remote:        https://github.com/ravibhadarge/tomato-gitops/security/secret-scanning/unblock-secret/3I5OqTodIPw5yt9x3eNCcoADYxH        
remote:             
remote: 
remote: 
To https://github.com/ravibhadarge/tomato-gitops.git
 ! [remote rejected] main -> main (push declined due to repository rule violations)
error: failed to push some refs to 'https://github.com/ravibhadarge/tomato-gitops.git'
